2026-09-16 16:40:40,237 [INFO] main: Initializing Polymarket Probability Desync System...
2026-09-16 16:40:40,255 [INFO] bot.telegram_bot: Starting Telegram Bot polling router...
2026-09-16 16:40:40,258 [INFO] aiogram.dispatcher: Start polling
2026-09-16 16:40:40,774 [INFO] aiogram.dispatcher: Run polling for bot @PolyCorm_bot id=8947405682 - 'поликорм'
2026-09-16 16:40:40,891 [INFO] aiogram.event: Update id=930479067 is not handled. Duration 10 ms by bot id=8947405682
2026-09-16 16:40:40,891 [ERROR] aiogram.event: Cause exception while process update id=930479067 by bot id=8947405682
IntegrityError: UNIQUE constraint failed: executed_trades.trade_id
Traceback (most recent call last):
  File "/home/ruslan/polymarket-arb/venv/lib/python3.14/site-packages/aiogram/dispatcher/dispatcher.py", line 321, in _process_update
    response = await self.feed_update(bot, update, **kwargs)
               ^^^^^^^^^^^^^^^^^^^^^^^^^^^^^^^^^^^^^^^^^^^^^
  File "/home/ruslan/polymarket-arb/venv/lib/python3.14/site-packages/aiogram/dispatcher/dispatcher.py", line 164, in feed_update
    response = await self.update.wrap_outer_middleware(
               ^^^^^^^^^^^^^^^^^^^^^^^^^^^^^^^^^^^^^^^^
    ...<8 lines>...
    )
    ^
  File "/home/ruslan/polymarket-arb/venv/lib/python3.14/site-packages/aiogram/dispatcher/middlewares/error.py", line 27, in __call__
    return await handler(event, data)
           ^^^^^^^^^^^^^^^^^^^^^^^^^^
  File "/home/ruslan/polymarket-arb/venv/lib/python3.14/site-packages/aiogram/dispatcher/middlewares/user_context.py", line 58, in __call__
    return await handler(event, data)
           ^^^^^^^^^^^^^^^^^^^^^^^^^^
  File "/home/ruslan/polymarket-arb/venv/lib/python3.14/site-packages/aiogram/fsm/middleware.py", line 43, in __call__
    return await handler(event, data)
           ^^^^^^^^^^^^^^^^^^^^^^^^^^
  File "/home/ruslan/polymarket-arb/venv/lib/python3.14/site-packages/aiogram/dispatcher/event/telegram.py", line 126, in trigger
    return await wrapped_inner(event, kwargs)
           ^^^^^^^^^^^^^^^^^^^^^^^^^^^^^^^^^^
  File "/home/ruslan/polymarket-arb/venv/lib/python3.14/site-packages/aiogram/dispatcher/event/handler.py", line 71, in call
    return await wrapped()
           ^^^^^^^^^^^^^^^
  File "/home/ruslan/polymarket-arb/venv/lib/python3.14/site-packages/aiogram/dispatcher/dispatcher.py", line 284, in _listen_update
    return await self.propagate_event(update_type=update_type, event=event, **kwargs)
           ^^^^^^^^^^^^^^^^^^^^^^^^^^^^^^^^^^^^^^^^^^^^^^^^^^^^^^^^^^^^^^^^^^^^^^^^^^
  File "/home/ruslan/polymarket-arb/venv/lib/python3.14/site-packages/aiogram/dispatcher/router.py", line 172, in propagate_event
    return await observer.wrap_outer_middleware(_wrapped, event=event, data=kwargs)
           ^^^^^^^^^^^^^^^^^^^^^^^^^^^^^^^^^^^^^^^^^^^^^^^^^^^^^^^^^^^^^^^^^^^^^^^^
  File "/home/ruslan/polymarket-arb/venv/lib/python3.14/site-packages/aiogram/dispatcher/router.py", line 164, in _wrapped
    return await self._propagate_event(
           ^^^^^^^^^^^^^^^^^^^^^^^^^^^^
    ...<4 lines>...
    )
    ^
  File "/home/ruslan/polymarket-arb/venv/lib/python3.14/site-packages/aiogram/dispatcher/router.py", line 200, in _propagate_event
    response = await router.propagate_event(update_type=update_type, event=event, **kwargs)
               ^^^^^^^^^^^^^^^^^^^^^^^^^^^^^^^^^^^^^^^^^^^^^^^^^^^^^^^^^^^^^^^^^^^^^^^^^^^^
  File "/home/ruslan/polymarket-arb/venv/lib/python3.14/site-packages/aiogram/dispatcher/router.py", line 172, in propagate_event
    return await observer.wrap_outer_middleware(_wrapped, event=event, data=kwargs)
           ^^^^^^^^^^^^^^^^^^^^^^^^^^^^^^^^^^^^^^^^^^^^^^^^^^^^^^^^^^^^^^^^^^^^^^^^
  File "/home/ruslan/polymarket-arb/venv/lib/python3.14/site-packages/aiogram/dispatcher/router.py", line 164, in _wrapped
    return await self._propagate_event(
           ^^^^^^^^^^^^^^^^^^^^^^^^^^^^
    ...<4 lines>...
    )
    ^
  File "/home/ruslan/polymarket-arb/venv/lib/python3.14/site-packages/aiogram/dispatcher/router.py", line 192, in _propagate_event
    response = await observer.trigger(event, **kwargs)
               ^^^^^^^^^^^^^^^^^^^^^^^^^^^^^^^^^^^^^^^
  File "/home/ruslan/polymarket-arb/venv/lib/python3.14/site-packages/aiogram/dispatcher/event/telegram.py", line 126, in trigger
    return await wrapped_inner(event, kwargs)
           ^^^^^^^^^^^^^^^^^^^^^^^^^^^^^^^^^^
  File "/home/ruslan/polymarket-arb/venv/lib/python3.14/site-packages/aiogram/dispatcher/event/handler.py", line 71, in call
    return await wrapped()
           ^^^^^^^^^^^^^^^
  File "/home/ruslan/polymarket-arb/bot/telegram_bot.py", line 126, in handle_signal_callback
    await db_storage.update_signal_status(signal_id, status_text)
  File "/home/ruslan/polymarket-arb/database/storage.py", line 195, in update_signal_status
    await db.execute("""
    ...<2 lines>...
    """, (f"trade_{signal_id[:8]}", signal_id, status, datetime.now().timestamp()))
  File "/home/ruslan/polymarket-arb/venv/lib/python3.14/site-packages/aiosqlite/core.py", line 223, in execute
    cursor = await self._execute(self._conn.execute, sql, parameters)
             ^^^^^^^^^^^^^^^^^^^^^^^^^^^^^^^^^^^^^^^^^^^^^^^^^^^^^^^^
  File "/home/ruslan/polymarket-arb/venv/lib/python3.14/site-packages/aiosqlite/core.py", line 160, in _execute
    return await future
           ^^^^^^^^^^^^
  File "/home/ruslan/polymarket-arb/venv/lib/python3.14/site-packages/aiosqlite/core.py", line 63, in _connection_worker_thread
    result = function()
sqlite3.IntegrityError: UNIQUE constraint failed: executed_trades.trade_id
2026-09-16 16:40:41,727 [INFO] aiogram.event: Update id=930479069 is handled. Duration 845 ms by bot id=8947405682
2026-09-16 16:40:42,181 [INFO] aiogram.event: Update id=930479064 is handled. Duration 1302 ms by bot id=8947405682
2026-09-16 16:40:42,507 [INFO] aiogram.event: Update id=930479068 is handled. Duration 1626 ms by bot id=8947405682
2026-09-16 16:40:46,487 [ERROR] parsers.polymarket_ws: Error fetching Polymarket Gamma REST: Cannot connect to host gamma-api.polymarket.com:443 ssl:default [Network is unreachable]
2026-09-16 16:40:46,487 [INFO] main: System fully operational and actively scanning for probability desyncs!
2026-09-16 16:40:46,489 [INFO] parsers.polymarket_ws: Connecting to Polymarket CLOB WS at wss://ws-subscriptions-clob.polymarket.com/ws/market...
2026-09-16 16:40:47,265 [INFO] parsers.polymarket_ws: Polymarket WS connected successfully!
2026-09-16 16:41:08,257 [INFO] main: Initializing Polymarket Probability Desync System...
2026-09-16 16:41:08,259 [INFO] bot.telegram_bot: Starting Telegram Bot polling router...
2026-09-16 16:41:08,260 [INFO] aiogram.dispatcher: Start polling
2026-09-16 16:41:11,248 [INFO] main: System fully operational and actively scanning for probability desyncs!
2026-09-16 16:41:11,249 [INFO] parsers.polymarket_ws: Connecting to Polymarket CLOB WS at wss://ws-subscriptions-clob.polymarket.com/ws/market...
2026-09-16 16:41:11,259 [INFO] main: Refreshed event matcher: 0 active matched pairs
2026-09-16 16:41:11,312 [INFO] aiogram.dispatcher: Run polling for bot @PolyCorm_bot id=8947405682 - 'поликорм'
2026-09-16 16:41:13,958 [INFO] parsers.polymarket_ws: Polymarket WS connected successfully!
2026-09-16 16:41:13,959 [INFO] parsers.polymarket_ws: Subscribed to 2 Polymarket assets
2026-09-16 16:41:17,782 [INFO] aiogram.event: Update id=930479070 is handled. Duration 473 ms by bot id=8947405682
2026-09-16 16:41:22,308 [INFO] aiogram.event: Update id=930479071 is not handled. Duration 0 ms by bot id=8947405682
2026-09-16 16:41:44,164 [INFO] aiogram.event: Update id=930479072 is handled. Duration 174 ms by bot id=8947405682
2026-09-16 16:41:45,841 [INFO] aiogram.event: Update id=930479073 is not handled. Duration 0 ms by bot id=8947405682
2026-09-16 16:42:11,261 [INFO] main: Refreshed event matcher: 0 active matched pairs
2026-09-16 16:43:11,265 [INFO] main: Refreshed event matcher: 0 active matched pairs
2026-09-16 16:44:11,267 [INFO] main: Refreshed event matcher: 0 active matched pairs
2026-09-16 16:45:11,268 [INFO] main: Refreshed event matcher: 0 active matched pairs
2026-09-16 16:46:11,271 [INFO] main: Refreshed event matcher: 0 active matched pairs
2026-09-16 16:47:11,273 [INFO] main: Refreshed event matcher: 0 active matched pairs
2026-09-16 16:48:11,275 [INFO] main: Refreshed event matcher: 0 active matched pairs
2026-09-16 16:49:11,277 [INFO] main: Refreshed event matcher: 0 active matched pairs
2026-09-16 16:50:11,280 [INFO] main: Refreshed event matcher: 0 active matched pairs
2026-09-16 16:51:11,283 [INFO] main: Refreshed event matcher: 0 active matched pairs
2026-09-16 16:52:11,285 [INFO] main: Refreshed event matcher: 0 active matched pairs
2026-09-16 16:53:11,286 [INFO] main: Refreshed event matcher: 0 active matched pairs
2026-09-16 16:54:11,287 [INFO] main: Refreshed event matcher: 0 active matched pairs
2026-09-16 16:55:11,289 [INFO] main: Refreshed event matcher: 0 active matched pairs
2026-09-16 16:56:11,292 [INFO] main: Refreshed event matcher: 0 active matched pairs
2026-09-16 16:57:11,293 [INFO] main: Refreshed event matcher: 0 active matched pairs
2026-09-16 16:58:11,295 [INFO] main: Refreshed event matcher: 0 active matched pairs
2026-09-16 16:59:11,297 [INFO] main: Refreshed event matcher: 0 active matched pairs
2026-09-16 17:00:11,299 [INFO] main: Refreshed event matcher: 0 active matched pairs
2026-09-16 17:01:11,300 [INFO] main: Refreshed event matcher: 0 active matched pairs
2026-09-16 17:02:11,301 [INFO] main: Refreshed event matcher: 0 active matched pairs
2026-09-16 17:03:11,304 [INFO] main: Refreshed event matcher: 0 active matched pairs
2026-09-16 17:04:11,306 [INFO] main: Refreshed event matcher: 0 active matched pairs
2026-09-16 17:05:11,308 [INFO] main: Refreshed event matcher: 0 active matched pairs
2026-09-16 17:06:11,310 [INFO] main: Refreshed event matcher: 0 active matched pairs
2026-09-16 17:07:11,311 [INFO] main: Refreshed event matcher: 0 active matched pairs
2026-09-16 17:08:11,312 [INFO] main: Refreshed event matcher: 0 active matched pairs
2026-09-16 17:09:11,313 [INFO] main: Refreshed event matcher: 0 active matched pairs
2026-09-16 17:10:11,314 [INFO] main: Refreshed event matcher: 0 active matched pairs
2026-09-16 17:11:11,315 [INFO] main: Refreshed event matcher: 0 active matched pairs
2026-09-16 17:12:11,316 [INFO] main: Refreshed event matcher: 0 active matched pairs
2026-09-16 17:13:11,317 [INFO] main: Refreshed event matcher: 0 active matched pairs
2026-09-16 17:14:11,319 [INFO] main: Refreshed event matcher: 0 active matched pairs
2026-09-16 17:15:11,321 [INFO] main: Refreshed event matcher: 0 active matched pairs
2026-09-16 17:16:11,323 [INFO] main: Refreshed event matcher: 0 active matched pairs
2026-09-16 17:17:11,324 [INFO] main: Refreshed event matcher: 0 active matched pairs
2026-09-16 17:18:11,327 [INFO] main: Refreshed event matcher: 0 active matched pairs
2026-09-16 17:19:11,330 [INFO] main: Refreshed event matcher: 0 active matched pairs
2026-09-16 17:20:11,331 [INFO] main: Refreshed event matcher: 0 active matched pairs
2026-09-16 17:21:11,332 [INFO] main: Refreshed event matcher: 0 active matched pairs
2026-09-16 17:22:11,335 [INFO] main: Refreshed event matcher: 0 active matched pairs
2026-09-16 17:23:11,338 [INFO] main: Refreshed event matcher: 0 active matched pairs
2026-09-16 17:24:11,341 [INFO] main: Refreshed event matcher: 0 active matched pairs
2026-09-16 17:24:36,975 [INFO] aiogram.event: Update id=930479074 is handled. Duration 450 ms by bot id=8947405682
2026-09-16 17:24:41,692 [INFO] aiogram.event: Update id=930479075 is handled. Duration 140 ms by bot id=8947405682
2026-09-16 17:24:44,844 [INFO] aiogram.event: Update id=930479076 is not handled. Duration 0 ms by bot id=8947405682
2026-09-16 17:24:46,802 [INFO] aiogram.event: Update id=930479077 is not handled. Duration 0 ms by bot id=8947405682
2026-09-16 17:25:11,343 [INFO] main: Refreshed event matcher: 0 active matched pairs
2026-09-16 17:26:11,346 [INFO] main: Refreshed event matcher: 0 active matched pairs
2026-09-16 17:27:19,609 [INFO] main: Initializing Polymarket Probability Desync System...
2026-09-16 17:27:19,611 [INFO] bot.telegram_bot: Starting Telegram Bot polling router...
2026-09-16 17:27:19,612 [INFO] aiogram.dispatcher: Start polling
2026-09-16 17:27:20,118 [INFO] aiogram.dispatcher: Run polling for bot @PolyCorm_bot id=8947405682 - 'Поликорм'
2026-09-16 17:27:21,394 [INFO] main: System fully operational and actively scanning for probability desyncs!
2026-09-16 17:27:21,395 [INFO] parsers.polymarket_ws: Connecting to Polymarket CLOB WS at wss://ws-subscriptions-clob.polymarket.com/ws/market...
2026-09-16 17:27:21,405 [INFO] main: Refreshed event matcher: 0 active matched pairs
2026-09-16 17:27:22,052 [INFO] parsers.polymarket_ws: Polymarket WS connected successfully!
2026-09-16 17:27:22,052 [INFO] parsers.polymarket_ws: Subscribed to 2 Polymarket assets
2026-09-16 17:27:35,451 [INFO] aiogram.event: Update id=930479079 is handled. Duration 811 ms by bot id=8947405682
2026-09-16 17:27:35,789 [INFO] aiogram.event: Update id=930479078 is handled. Duration 2876 ms by bot id=8947405682
2026-09-16 17:27:46,006 [INFO] aiogram.event: Update id=930479080 is handled. Duration 132 ms by bot id=8947405682
2026-09-16 17:28:21,408 [INFO] main: Refreshed event matcher: 0 active matched pairs
2026-09-16 17:29:21,411 [INFO] main: Refreshed event matcher: 0 active matched pairs
2026-09-16 17:30:21,413 [INFO] main: Refreshed event matcher: 0 active matched pairs
2026-09-16 17:31:21,416 [INFO] main: Refreshed event matcher: 0 active matched pairs
2026-09-16 17:32:21,419 [INFO] main: Refreshed event matcher: 0 active matched pairs
2026-09-16 17:33:21,420 [INFO] main: Refreshed event matcher: 0 active matched pairs
2026-09-16 17:34:21,421 [INFO] main: Refreshed event matcher: 0 active matched pairs
2026-09-16 17:35:21,423 [INFO] main: Refreshed event matcher: 0 active matched pairs
2026-09-16 17:36:21,427 [INFO] main: Refreshed event matcher: 0 active matched pairs
2026-09-16 17:37:21,429 [INFO] main: Refreshed event matcher: 0 active matched pairs
2026-09-16 17:38:21,433 [INFO] main: Refreshed event matcher: 0 active matched pairs
2026-09-16 17:39:21,435 [INFO] main: Refreshed event matcher: 0 active matched pairs
2026-09-16 17:40:20,578 [INFO] main: Refreshed event matcher: 0 active matched pairs
